// Validating benchmarks:
// ***** BenchmarkRunner: Start   *****
// ***** Found 6 benchmark(s) in total *****
// ***** Building 1 exe(s) in Parallel: Start   *****
// start dotnet  restore --nodeReuse:false /p:UseSharedCompilation=false /p:Deterministic=true /p:Optimize=true /p:ArtifactsPath="C:\Repo\NETCORE\Konsol\ListLoopPerformance\ListLoopBenchmark\bin\release\net10.0\ListLoopBenchmark-DefaultJob-1/" /p:OutDir="C:\Repo\NETCORE\Konsol\ListLoopPerformance\ListLoopBenchmark\bin\release\net10.0\ListLoopBenchmark-DefaultJob-1\bin\Release\net10.0/" /p:OutputPath="C:\Repo\NETCORE\Konsol\ListLoopPerformance\ListLoopBenchmark\bin\release\net10.0\ListLoopBenchmark-DefaultJob-1\bin\Release\net10.0/" /p:PublishDir="C:\Repo\NETCORE\Konsol\ListLoopPerformance\ListLoopBenchmark\bin\release\net10.0\ListLoopBenchmark-DefaultJob-1\publish/" in C:\Repo\NETCORE\Konsol\ListLoopPerformance\ListLoopBenchmark\bin\release\net10.0\ListLoopBenchmark-DefaultJob-1
// command took 1.04 sec and exited with 0
// start dotnet  build -c Release --no-restore --nodeReuse:false /p:UseSharedCompilation=false /p:Deterministic=true /p:Optimize=true /p:ArtifactsPath="C:\Repo\NETCORE\Konsol\ListLoopPerformance\ListLoopBenchmark\bin\release\net10.0\ListLoopBenchmark-DefaultJob-1/" /p:OutDir="C:\Repo\NETCORE\Konsol\ListLoopPerformance\ListLoopBenchmark\bin\release\net10.0\ListLoopBenchmark-DefaultJob-1\bin\Release\net10.0/" /p:OutputPath="C:\Repo\NETCORE\Konsol\ListLoopPerformance\ListLoopBenchmark\bin\release\net10.0\ListLoopBenchmark-DefaultJob-1\bin\Release\net10.0/" /p:PublishDir="C:\Repo\NETCORE\Konsol\ListLoopPerformance\ListLoopBenchmark\bin\release\net10.0\ListLoopBenchmark-DefaultJob-1\publish/" --output "C:\Repo\NETCORE\Konsol\ListLoopPerformance\ListLoopBenchmark\bin\release\net10.0\ListLoopBenchmark-DefaultJob-1\bin\Release\net10.0/" in C:\Repo\NETCORE\Konsol\ListLoopPerformance\ListLoopBenchmark\bin\release\net10.0\ListLoopBenchmark-DefaultJob-1
// command took 3.14 sec and exited with 0
// ***** Done, took 00:00:04 (4.25 sec)   *****
// Found 6 benchmarks:
//   LoopBenchmarks.While: DefaultJob [Size=1000]
//   LoopBenchmarks.DoWhile: DefaultJob [Size=1000]
//   LoopBenchmarks.While: DefaultJob [Size=10000]
//   LoopBenchmarks.DoWhile: DefaultJob [Size=10000]
//   LoopBenchmarks.While: DefaultJob [Size=1000000]
//   LoopBenchmarks.DoWhile: DefaultJob [Size=1000000]

Setup power plan (GUID: 8c5e7fda-e8bf-4a96-9a85-a6e23a8c635c FriendlyName: Yüksek performans)
// **************************
// Benchmark: LoopBenchmarks.While: DefaultJob [Size=1000]
// *** Execute ***
// Launch: 1 / 1
// Execute: dotnet ListLoopBenchmark-DefaultJob-1.dll --anonymousPipes 1168 1504 --benchmarkName "LoopBenchMark.LoopBenchmarks.While(Size: 1000)" --job Default --benchmarkId 0 in C:\Repo\NETCORE\Konsol\ListLoopPerformance\ListLoopBenchmark\bin\release\net10.0\ListLoopBenchmark-DefaultJob-1\bin\Release\net10.0
// BeforeAnythingElse

// Benchmark Process Environment Information:
// BenchmarkDotNet v0.15.4
// Runtime=.NET 10.0.0 (10.0.0-rc.2.25502.107, 10.0.25.50307), X64 RyuJIT x86-64-v3
// GC=Concurrent Workstation
// HardwareIntrinsics=AVX2+BMI1+BMI2+F16C+FMA+LZCNT+MOVBE,AVX,SSE3+SSSE3+SSE4.1+SSE4.2+POPCNT,X86Base+SSE+SSE2,AES+PCLMUL,AvxVnni,SERIALIZE VectorSize=256
// Job: DefaultJob

OverheadJitting  1: 1 op, 143800.00 ns, 143.8000 us/op
WorkloadJitting  1: 1 op, 335400.00 ns, 335.4000 us/op

OverheadJitting  2: 16 op, 480900.00 ns, 30.0563 us/op
WorkloadJitting  2: 16 op, 894100.00 ns, 55.8813 us/op

WorkloadPilot    1: 16 op, 133900.00 ns, 8.3688 us/op
WorkloadPilot    2: 32 op, 195900.00 ns, 6.1219 us/op
WorkloadPilot    3: 64 op, 310200.00 ns, 4.8469 us/op
WorkloadPilot    4: 128 op, 532400.00 ns, 4.1594 us/op
WorkloadPilot    5: 256 op, 907700.00 ns, 3.5457 us/op
WorkloadPilot    6: 512 op, 2269000.00 ns, 4.4316 us/op
WorkloadPilot    7: 1024 op, 3722000.00 ns, 3.6348 us/op
WorkloadPilot    8: 2048 op, 7562700.00 ns, 3.6927 us/op
WorkloadPilot    9: 4096 op, 14785300.00 ns, 3.6097 us/op
WorkloadPilot   10: 8192 op, 29573300.00 ns, 3.6100 us/op
WorkloadPilot   11: 16384 op, 54671300.00 ns, 3.3369 us/op
WorkloadPilot   12: 32768 op, 32216300.00 ns, 983.1635 ns/op
WorkloadPilot   13: 65536 op, 24786700.00 ns, 378.2150 ns/op
WorkloadPilot   14: 131072 op, 51089100.00 ns, 389.7789 ns/op
WorkloadPilot   15: 262144 op, 99061600.00 ns, 377.8900 ns/op
WorkloadPilot   16: 524288 op, 194926500.00 ns, 371.7928 ns/op
WorkloadPilot   17: 1048576 op, 387766700.00 ns, 369.8031 ns/op
WorkloadPilot   18: 2097152 op, 801454300.00 ns, 382.1632 ns/op

OverheadWarmup   1: 2097152 op, 8439500.00 ns, 4.0243 ns/op
OverheadWarmup   2: 2097152 op, 9356900.00 ns, 4.4617 ns/op
OverheadWarmup   3: 2097152 op, 9700300.00 ns, 4.6255 ns/op
OverheadWarmup   4: 2097152 op, 9002700.00 ns, 4.2928 ns/op
OverheadWarmup   5: 2097152 op, 8932100.00 ns, 4.2592 ns/op
OverheadWarmup   6: 2097152 op, 9360000.00 ns, 4.4632 ns/op
OverheadWarmup   7: 2097152 op, 8784100.00 ns, 4.1886 ns/op

OverheadActual   1: 2097152 op, 9541200.00 ns, 4.5496 ns/op
OverheadActual   2: 2097152 op, 8708400.00 ns, 4.1525 ns/op
OverheadActual   3: 2097152 op, 8529300.00 ns, 4.0671 ns/op
OverheadActual   4: 2097152 op, 8952600.00 ns, 4.2689 ns/op
OverheadActual   5: 2097152 op, 9424600.00 ns, 4.4940 ns/op
OverheadActual   6: 2097152 op, 9065400.00 ns, 4.3227 ns/op
OverheadActual   7: 2097152 op, 8538100.00 ns, 4.0713 ns/op
OverheadActual   8: 2097152 op, 9170000.00 ns, 4.3726 ns/op
OverheadActual   9: 2097152 op, 9692800.00 ns, 4.6219 ns/op
OverheadActual  10: 2097152 op, 9496800.00 ns, 4.5284 ns/op
OverheadActual  11: 2097152 op, 8610400.00 ns, 4.1058 ns/op
OverheadActual  12: 2097152 op, 8838200.00 ns, 4.2144 ns/op
OverheadActual  13: 2097152 op, 9794600.00 ns, 4.6704 ns/op
OverheadActual  14: 2097152 op, 10034200.00 ns, 4.7847 ns/op
OverheadActual  15: 2097152 op, 9167700.00 ns, 4.3715 ns/op
OverheadActual  16: 2097152 op, 7912000.00 ns, 3.7727 ns/op
OverheadActual  17: 2097152 op, 8928900.00 ns, 4.2576 ns/op
OverheadActual  18: 2097152 op, 9705900.00 ns, 4.6281 ns/op
OverheadActual  19: 2097152 op, 8959900.00 ns, 4.2724 ns/op
OverheadActual  20: 2097152 op, 8720500.00 ns, 4.1583 ns/op

WorkloadWarmup   1: 2097152 op, 805709000.00 ns, 384.1920 ns/op
WorkloadWarmup   2: 2097152 op, 808649600.00 ns, 385.5942 ns/op
WorkloadWarmup   3: 2097152 op, 794354700.00 ns, 378.7778 ns/op
WorkloadWarmup   4: 2097152 op, 778702000.00 ns, 371.3140 ns/op
WorkloadWarmup   5: 2097152 op, 782758100.00 ns, 373.2481 ns/op
WorkloadWarmup   6: 2097152 op, 780123800.00 ns, 371.9920 ns/op

// BeforeActualRun
WorkloadActual   1: 2097152 op, 805902100.00 ns, 384.2841 ns/op
WorkloadActual   2: 2097152 op, 802244200.00 ns, 382.5398 ns/op
WorkloadActual   3: 2097152 op, 787264500.00 ns, 375.3970 ns/op
WorkloadActual   4: 2097152 op, 789241700.00 ns, 376.3398 ns/op
WorkloadActual   5: 2097152 op, 801012000.00 ns, 381.9523 ns/op
WorkloadActual   6: 2097152 op, 790071600.00 ns, 376.7355 ns/op
WorkloadActual   7: 2097152 op, 797471300.00 ns, 380.2639 ns/op
WorkloadActual   8: 2097152 op, 771487800.00 ns, 367.8741 ns/op
WorkloadActual   9: 2097152 op, 771156500.00 ns, 367.7161 ns/op
WorkloadActual  10: 2097152 op, 789884500.00 ns, 376.6463 ns/op
WorkloadActual  11: 2097152 op, 791589400.00 ns, 377.4592 ns/op
WorkloadActual  12: 2097152 op, 777604300.00 ns, 370.7906 ns/op
WorkloadActual  13: 2097152 op, 799880700.00 ns, 381.4128 ns/op
WorkloadActual  14: 2097152 op, 769019600.00 ns, 366.6971 ns/op
WorkloadActual  15: 2097152 op, 771269200.00 ns, 367.7698 ns/op

// AfterActualRun
WorkloadResult   1: 2097152 op, 796889450.00 ns, 379.9865 ns/op
WorkloadResult   2: 2097152 op, 793231550.00 ns, 378.2423 ns/op
WorkloadResult   3: 2097152 op, 778251850.00 ns, 371.0994 ns/op
WorkloadResult   4: 2097152 op, 780229050.00 ns, 372.0422 ns/op
WorkloadResult   5: 2097152 op, 791999350.00 ns, 377.6547 ns/op
WorkloadResult   6: 2097152 op, 781058950.00 ns, 372.4379 ns/op
WorkloadResult   7: 2097152 op, 788458650.00 ns, 375.9664 ns/op
WorkloadResult   8: 2097152 op, 762475150.00 ns, 363.5765 ns/op
WorkloadResult   9: 2097152 op, 762143850.00 ns, 363.4185 ns/op
WorkloadResult  10: 2097152 op, 780871850.00 ns, 372.3487 ns/op
WorkloadResult  11: 2097152 op, 782576750.00 ns, 373.1617 ns/op
WorkloadResult  12: 2097152 op, 768591650.00 ns, 366.4931 ns/op
WorkloadResult  13: 2097152 op, 790868050.00 ns, 377.1153 ns/op
WorkloadResult  14: 2097152 op, 760006950.00 ns, 362.3996 ns/op
WorkloadResult  15: 2097152 op, 762256550.00 ns, 363.4722 ns/op
// GC:  0 0 0 0 2097152
// Threading:  0 0 2097152

// AfterAll
// Benchmark Process 19416 has exited with code 0.

Mean = 371.294 ns, StdErr = 1.561 ns (0.42%), N = 15, StdDev = 6.044 ns
Min = 362.400 ns, Q1 = 365.035 ns, Median = 372.349 ns, Q3 = 376.541 ns, Max = 379.987 ns
IQR = 11.506 ns, LowerFence = 347.776 ns, UpperFence = 393.800 ns
ConfidenceInterval = [364.833 ns; 377.756 ns] (CI 99.9%), Margin = 6.462 ns (1.74% of Mean)
Skewness = -0.21, Kurtosis = 1.46, MValue = 2

// ** Remained 5 (%83,3) benchmark(s) to run. Estimated finish 2025-10-28 22:42 (0h 1m from now) **
Setup power plan (GUID: 8c5e7fda-e8bf-4a96-9a85-a6e23a8c635c FriendlyName: Yüksek performans)
// **************************
// Benchmark: LoopBenchmarks.DoWhile: DefaultJob [Size=1000]
// *** Execute ***
// Launch: 1 / 1
// Execute: dotnet ListLoopBenchmark-DefaultJob-1.dll --anonymousPipes 1176 652 --benchmarkName "LoopBenchMark.LoopBenchmarks.DoWhile(Size: 1000)" --job Default --benchmarkId 1 in C:\Repo\NETCORE\Konsol\ListLoopPerformance\ListLoopBenchmark\bin\release\net10.0\ListLoopBenchmark-DefaultJob-1\bin\Release\net10.0
// BeforeAnythingElse

// Benchmark Process Environment Information:
// BenchmarkDotNet v0.15.4
// Runtime=.NET 10.0.0 (10.0.0-rc.2.25502.107, 10.0.25.50307), X64 RyuJIT x86-64-v3
// GC=Concurrent Workstation
// HardwareIntrinsics=AVX2+BMI1+BMI2+F16C+FMA+LZCNT+MOVBE,AVX,SSE3+SSSE3+SSE4.1+SSE4.2+POPCNT,X86Base+SSE+SSE2,AES+PCLMUL,AvxVnni,SERIALIZE VectorSize=256
// Job: DefaultJob

OverheadJitting  1: 1 op, 182500.00 ns, 182.5000 us/op
WorkloadJitting  1: 1 op, 297200.00 ns, 297.2000 us/op

OverheadJitting  2: 16 op, 278200.00 ns, 17.3875 us/op
WorkloadJitting  2: 16 op, 882200.00 ns, 55.1375 us/op

WorkloadPilot    1: 16 op, 113600.00 ns, 7.1000 us/op
WorkloadPilot    2: 32 op, 165000.00 ns, 5.1563 us/op
WorkloadPilot    3: 64 op, 293400.00 ns, 4.5844 us/op
WorkloadPilot    4: 128 op, 712200.00 ns, 5.5641 us/op
WorkloadPilot    5: 256 op, 1101100.00 ns, 4.3012 us/op
WorkloadPilot    6: 512 op, 1751500.00 ns, 3.4209 us/op
WorkloadPilot    7: 1024 op, 4701600.00 ns, 4.5914 us/op
WorkloadPilot    8: 2048 op, 8022200.00 ns, 3.9171 us/op
WorkloadPilot    9: 4096 op, 15521600.00 ns, 3.7895 us/op
WorkloadPilot   10: 8192 op, 28328700.00 ns, 3.4581 us/op
WorkloadPilot   11: 16384 op, 54695900.00 ns, 3.3384 us/op
WorkloadPilot   12: 32768 op, 85586700.00 ns, 2.6119 us/op
WorkloadPilot   13: 65536 op, 24836000.00 ns, 378.9673 ns/op
WorkloadPilot   14: 131072 op, 50464700.00 ns, 385.0151 ns/op
WorkloadPilot   15: 262144 op, 98536100.00 ns, 375.8854 ns/op
WorkloadPilot   16: 524288 op, 195690000.00 ns, 373.2491 ns/op
WorkloadPilot   17: 1048576 op, 381890400.00 ns, 364.1991 ns/op
WorkloadPilot   18: 2097152 op, 793481700.00 ns, 378.3616 ns/op

OverheadWarmup   1: 2097152 op, 8583100.00 ns, 4.0927 ns/op
OverheadWarmup   2: 2097152 op, 9121900.00 ns, 4.3497 ns/op
OverheadWarmup   3: 2097152 op, 9715100.00 ns, 4.6325 ns/op
OverheadWarmup   4: 2097152 op, 8485700.00 ns, 4.0463 ns/op
OverheadWarmup   5: 2097152 op, 9007500.00 ns, 4.2951 ns/op
OverheadWarmup   6: 2097152 op, 9177600.00 ns, 4.3762 ns/op
OverheadWarmup   7: 2097152 op, 7979900.00 ns, 3.8051 ns/op

OverheadActual   1: 2097152 op, 9463700.00 ns, 4.5126 ns/op
OverheadActual   2: 2097152 op, 9065000.00 ns, 4.3225 ns/op
OverheadActual   3: 2097152 op, 8296800.00 ns, 3.9562 ns/op
OverheadActual   4: 2097152 op, 9377900.00 ns, 4.4717 ns/op
OverheadActual   5: 2097152 op, 8444000.00 ns, 4.0264 ns/op
OverheadActual   6: 2097152 op, 8974100.00 ns, 4.2792 ns/op
OverheadActual   7: 2097152 op, 9016600.00 ns, 4.2994 ns/op
OverheadActual   8: 2097152 op, 8872600.00 ns, 4.2308 ns/op
OverheadActual   9: 2097152 op, 9421200.00 ns, 4.4924 ns/op
OverheadActual  10: 2097152 op, 8370400.00 ns, 3.9913 ns/op
OverheadActual  11: 2097152 op, 9805400.00 ns, 4.6756 ns/op
OverheadActual  12: 2097152 op, 9322300.00 ns, 4.4452 ns/op
OverheadActual  13: 2097152 op, 8269500.00 ns, 3.9432 ns/op
OverheadActual  14: 2097152 op, 8994100.00 ns, 4.2887 ns/op
OverheadActual  15: 2097152 op, 8700400.00 ns, 4.1487 ns/op
OverheadActual  16: 2097152 op, 8651400.00 ns, 4.1253 ns/op
OverheadActual  17: 2097152 op, 9417700.00 ns, 4.4907 ns/op
OverheadActual  18: 2097152 op, 8266000.00 ns, 3.9415 ns/op

WorkloadWarmup   1: 2097152 op, 785289100.00 ns, 374.4550 ns/op
WorkloadWarmup   2: 2097152 op, 801148000.00 ns, 382.0171 ns/op
WorkloadWarmup   3: 2097152 op, 859010600.00 ns, 409.6082 ns/op
WorkloadWarmup   4: 2097152 op, 791464800.00 ns, 377.3998 ns/op
WorkloadWarmup   5: 2097152 op, 810910400.00 ns, 386.6722 ns/op
WorkloadWarmup   6: 2097152 op, 785764000.00 ns, 374.6815 ns/op

// BeforeActualRun
WorkloadActual   1: 2097152 op, 776851000.00 ns, 370.4314 ns/op
WorkloadActual   2: 2097152 op, 805842300.00 ns, 384.2556 ns/op
WorkloadActual   3: 2097152 op, 832886800.00 ns, 397.1514 ns/op
WorkloadActual   4: 2097152 op, 881613300.00 ns, 420.3860 ns/op
WorkloadActual   5: 2097152 op, 837233800.00 ns, 399.2242 ns/op
WorkloadActual   6: 2097152 op, 851082700.00 ns, 405.8279 ns/op
WorkloadActual   7: 2097152 op, 891987100.00 ns, 425.3326 ns/op
WorkloadActual   8: 2097152 op, 832127300.00 ns, 396.7892 ns/op
WorkloadActual   9: 2097152 op, 823981300.00 ns, 392.9049 ns/op
WorkloadActual  10: 2097152 op, 795204900.00 ns, 379.1832 ns/op
WorkloadActual  11: 2097152 op, 792974400.00 ns, 378.1197 ns/op
WorkloadActual  12: 2097152 op, 796558000.00 ns, 379.8285 ns/op
WorkloadActual  13: 2097152 op, 780439800.00 ns, 372.1427 ns/op
WorkloadActual  14: 2097152 op, 777457000.00 ns, 370.7204 ns/op
WorkloadActual  15: 2097152 op, 804803300.00 ns, 383.7601 ns/op
WorkloadActual  16: 2097152 op, 774694400.00 ns, 369.4031 ns/op
WorkloadActual  17: 2097152 op, 775057700.00 ns, 369.5763 ns/op
WorkloadActual  18: 2097152 op, 794690500.00 ns, 378.9380 ns/op
WorkloadActual  19: 2097152 op, 783863700.00 ns, 373.7753 ns/op
WorkloadActual  20: 2097152 op, 787229800.00 ns, 375.3804 ns/op
WorkloadActual  21: 2097152 op, 781745000.00 ns, 372.7651 ns/op
WorkloadActual  22: 2097152 op, 779886200.00 ns, 371.8787 ns/op
WorkloadActual  23: 2097152 op, 807351500.00 ns, 384.9752 ns/op
WorkloadActual  24: 2097152 op, 788925200.00 ns, 376.1889 ns/op
WorkloadActual  25: 2097152 op, 772981700.00 ns, 368.5864 ns/op
WorkloadActual  26: 2097152 op, 790857100.00 ns, 377.1101 ns/op
WorkloadActual  27: 2097152 op, 779217000.00 ns, 371.5596 ns/op
WorkloadActual  28: 2097152 op, 785017300.00 ns, 374.3254 ns/op
WorkloadActual  29: 2097152 op, 800372900.00 ns, 381.6475 ns/op

// AfterActualRun
WorkloadResult   1: 2097152 op, 767866900.00 ns, 366.1475 ns/op
WorkloadResult   2: 2097152 op, 796858200.00 ns, 379.9716 ns/op
WorkloadResult   3: 2097152 op, 823902700.00 ns, 392.8674 ns/op
WorkloadResult   4: 2097152 op, 828249700.00 ns, 394.9402 ns/op
WorkloadResult   5: 2097152 op, 823143200.00 ns, 392.5053 ns/op
WorkloadResult   6: 2097152 op, 814997200.00 ns, 388.6209 ns/op
WorkloadResult   7: 2097152 op, 786220800.00 ns, 374.8993 ns/op
WorkloadResult   8: 2097152 op, 783990300.00 ns, 373.8357 ns/op
WorkloadResult   9: 2097152 op, 787573900.00 ns, 375.5445 ns/op
WorkloadResult  10: 2097152 op, 771455700.00 ns, 367.8587 ns/op
WorkloadResult  11: 2097152 op, 768472900.00 ns, 366.4364 ns/op
WorkloadResult  12: 2097152 op, 795819200.00 ns, 379.4762 ns/op
WorkloadResult  13: 2097152 op, 765710300.00 ns, 365.1191 ns/op
WorkloadResult  14: 2097152 op, 766073600.00 ns, 365.2924 ns/op
WorkloadResult  15: 2097152 op, 785706400.00 ns, 374.6540 ns/op
WorkloadResult  16: 2097152 op, 774879600.00 ns, 369.4914 ns/op
WorkloadResult  17: 2097152 op, 778245700.00 ns, 371.0965 ns/op
WorkloadResult  18: 2097152 op, 772760900.00 ns, 368.4811 ns/op
WorkloadResult  19: 2097152 op, 770902100.00 ns, 367.5948 ns/op
WorkloadResult  20: 2097152 op, 798367400.00 ns, 380.6912 ns/op
WorkloadResult  21: 2097152 op, 779941100.00 ns, 371.9049 ns/op
WorkloadResult  22: 2097152 op, 763997600.00 ns, 364.3024 ns/op
WorkloadResult  23: 2097152 op, 781873000.00 ns, 372.8261 ns/op
WorkloadResult  24: 2097152 op, 770232900.00 ns, 367.2757 ns/op
WorkloadResult  25: 2097152 op, 776033200.00 ns, 370.0415 ns/op
WorkloadResult  26: 2097152 op, 791388800.00 ns, 377.3636 ns/op
// GC:  0 0 0 0 2097152
// Threading:  0 0 2097152

// AfterAll
// Benchmark Process 24476 has exited with code 0.

Mean = 374.586 ns, StdErr = 1.771 ns (0.47%), N = 26, StdDev = 9.032 ns
Min = 364.302 ns, Q1 = 367.661 ns, Median = 372.365 ns, Q3 = 378.948 ns, Max = 394.940 ns
IQR = 11.287 ns, LowerFence = 350.730 ns, UpperFence = 395.879 ns
ConfidenceInterval = [367.988 ns; 381.184 ns] (CI 99.9%), Margin = 6.598 ns (1.76% of Mean)
Skewness = 0.95, Kurtosis = 2.74, MValue = 2

// ** Remained 4 (%66,7) benchmark(s) to run. Estimated finish 2025-10-28 22:43 (0h 1m from now) **
Setup power plan (GUID: 8c5e7fda-e8bf-4a96-9a85-a6e23a8c635c FriendlyName: Yüksek performans)
// **************************
// Benchmark: LoopBenchmarks.While: DefaultJob [Size=10000]
// *** Execute ***
// Launch: 1 / 1
// Execute: dotnet ListLoopBenchmark-DefaultJob-1.dll --anonymousPipes 1504 872 --benchmarkName "LoopBenchMark.LoopBenchmarks.While(Size: 10000)" --job Default --benchmarkId 2 in C:\Repo\NETCORE\Konsol\ListLoopPerformance\ListLoopBenchmark\bin\release\net10.0\ListLoopBenchmark-DefaultJob-1\bin\Release\net10.0
// BeforeAnythingElse

// Benchmark Process Environment Information:
// BenchmarkDotNet v0.15.4
// Runtime=.NET 10.0.0 (10.0.0-rc.2.25502.107, 10.0.25.50307), X64 RyuJIT x86-64-v3
// GC=Concurrent Workstation
// HardwareIntrinsics=AVX2+BMI1+BMI2+F16C+FMA+LZCNT+MOVBE,AVX,SSE3+SSSE3+SSE4.1+SSE4.2+POPCNT,X86Base+SSE+SSE2,AES+PCLMUL,AvxVnni,SERIALIZE VectorSize=256
// Job: DefaultJob

OverheadJitting  1: 1 op, 241200.00 ns, 241.2000 us/op
WorkloadJitting  1: 1 op, 639600.00 ns, 639.6000 us/op

OverheadJitting  2: 16 op, 532400.00 ns, 33.2750 us/op
WorkloadJitting  2: 16 op, 758600.00 ns, 47.4125 us/op

WorkloadPilot    1: 16 op, 189200.00 ns, 11.8250 us/op
WorkloadPilot    2: 32 op, 312000.00 ns, 9.7500 us/op
WorkloadPilot    3: 64 op, 612200.00 ns, 9.5656 us/op
WorkloadPilot    4: 128 op, 853700.00 ns, 6.6695 us/op
WorkloadPilot    5: 256 op, 2391900.00 ns, 9.3434 us/op
WorkloadPilot    6: 512 op, 4694900.00 ns, 9.1697 us/op
WorkloadPilot    7: 1024 op, 7896400.00 ns, 7.7113 us/op
WorkloadPilot    8: 2048 op, 15665400.00 ns, 7.6491 us/op
WorkloadPilot    9: 4096 op, 30194700.00 ns, 7.3718 us/op
WorkloadPilot   10: 8192 op, 58522700.00 ns, 7.1439 us/op
WorkloadPilot   11: 16384 op, 92342100.00 ns, 5.6361 us/op
WorkloadPilot   12: 32768 op, 117001600.00 ns, 3.5706 us/op
WorkloadPilot   13: 65536 op, 248946200.00 ns, 3.7986 us/op
WorkloadPilot   14: 131072 op, 548289600.00 ns, 4.1831 us/op

OverheadWarmup   1: 131072 op, 707900.00 ns, 5.4008 ns/op
OverheadWarmup   2: 131072 op, 575200.00 ns, 4.3884 ns/op
OverheadWarmup   3: 131072 op, 647700.00 ns, 4.9416 ns/op
OverheadWarmup   4: 131072 op, 567400.00 ns, 4.3289 ns/op
OverheadWarmup   5: 131072 op, 637700.00 ns, 4.8653 ns/op
OverheadWarmup   6: 131072 op, 674300.00 ns, 5.1445 ns/op
OverheadWarmup   7: 131072 op, 618600.00 ns, 4.7195 ns/op

OverheadActual   1: 131072 op, 758100.00 ns, 5.7838 ns/op
OverheadActual   2: 131072 op, 624200.00 ns, 4.7623 ns/op
OverheadActual   3: 131072 op, 580100.00 ns, 4.4258 ns/op
OverheadActual   4: 131072 op, 457900.00 ns, 3.4935 ns/op
OverheadActual   5: 131072 op, 563800.00 ns, 4.3015 ns/op
OverheadActual   6: 131072 op, 733300.00 ns, 5.5946 ns/op
OverheadActual   7: 131072 op, 615900.00 ns, 4.6989 ns/op
OverheadActual   8: 131072 op, 651100.00 ns, 4.9675 ns/op
OverheadActual   9: 131072 op, 620700.00 ns, 4.7356 ns/op
OverheadActual  10: 131072 op, 813100.00 ns, 6.2035 ns/op
OverheadActual  11: 131072 op, 672400.00 ns, 5.1300 ns/op
OverheadActual  12: 131072 op, 714800.00 ns, 5.4535 ns/op
OverheadActual  13: 131072 op, 786500.00 ns, 6.0005 ns/op
OverheadActual  14: 131072 op, 579400.00 ns, 4.4205 ns/op
OverheadActual  15: 131072 op, 525600.00 ns, 4.0100 ns/op
OverheadActual  16: 131072 op, 638300.00 ns, 4.8698 ns/op
OverheadActual  17: 131072 op, 671400.00 ns, 5.1224 ns/op
OverheadActual  18: 131072 op, 463900.00 ns, 3.5393 ns/op
OverheadActual  19: 131072 op, 709500.00 ns, 5.4131 ns/op
OverheadActual  20: 131072 op, 713300.00 ns, 5.4420 ns/op

WorkloadWarmup   1: 131072 op, 547570300.00 ns, 4.1776 us/op
WorkloadWarmup   2: 131072 op, 501156900.00 ns, 3.8235 us/op
WorkloadWarmup   3: 131072 op, 487755900.00 ns, 3.7213 us/op
WorkloadWarmup   4: 131072 op, 513146100.00 ns, 3.9150 us/op
WorkloadWarmup   5: 131072 op, 521320200.00 ns, 3.9774 us/op
WorkloadWarmup   6: 131072 op, 512589200.00 ns, 3.9107 us/op
WorkloadWarmup   7: 131072 op, 548525000.00 ns, 4.1849 us/op
WorkloadWarmup   8: 131072 op, 517269200.00 ns, 3.9465 us/op

// BeforeActualRun
WorkloadActual   1: 131072 op, 527702900.00 ns, 4.0261 us/op
WorkloadActual   2: 131072 op, 535387500.00 ns, 4.0847 us/op
WorkloadActual   3: 131072 op, 493817300.00 ns, 3.7675 us/op
WorkloadActual   4: 131072 op, 538280100.00 ns, 4.1068 us/op
WorkloadActual   5: 131072 op, 592019700.00 ns, 4.5168 us/op
WorkloadActual   6: 131072 op, 519715800.00 ns, 3.9651 us/op
WorkloadActual   7: 131072 op, 471640400.00 ns, 3.5983 us/op
WorkloadActual   8: 131072 op, 473198300.00 ns, 3.6102 us/op
WorkloadActual   9: 131072 op, 550481700.00 ns, 4.1998 us/op
WorkloadActual  10: 131072 op, 545482000.00 ns, 4.1617 us/op
WorkloadActual  11: 131072 op, 521890000.00 ns, 3.9817 us/op
WorkloadActual  12: 131072 op, 540978600.00 ns, 4.1273 us/op
WorkloadActual  13: 131072 op, 488711000.00 ns, 3.7286 us/op
WorkloadActual  14: 131072 op, 509376800.00 ns, 3.8862 us/op
WorkloadActual  15: 131072 op, 502906200.00 ns, 3.8369 us/op
WorkloadActual  16: 131072 op, 505484000.00 ns, 3.8565 us/op
WorkloadActual  17: 131072 op, 480624500.00 ns, 3.6669 us/op
WorkloadActual  18: 131072 op, 514298500.00 ns, 3.9238 us/op
WorkloadActual  19: 131072 op, 519030600.00 ns, 3.9599 us/op
WorkloadActual  20: 131072 op, 530200100.00 ns, 4.0451 us/op
WorkloadActual  21: 131072 op, 494076200.00 ns, 3.7695 us/op
WorkloadActual  22: 131072 op, 509341800.00 ns, 3.8860 us/op
WorkloadActual  23: 131072 op, 509154600.00 ns, 3.8845 us/op
WorkloadActual  24: 131072 op, 506384200.00 ns, 3.8634 us/op
WorkloadActual  25: 131072 op, 501816700.00 ns, 3.8286 us/op
WorkloadActual  26: 131072 op, 517237100.00 ns, 3.9462 us/op
WorkloadActual  27: 131072 op, 492054100.00 ns, 3.7541 us/op
WorkloadActual  28: 131072 op, 516976900.00 ns, 3.9442 us/op
WorkloadActual  29: 131072 op, 495353700.00 ns, 3.7792 us/op
WorkloadActual  30: 131072 op, 510532500.00 ns, 3.8951 us/op
WorkloadActual  31: 131072 op, 516707700.00 ns, 3.9422 us/op
WorkloadActual  32: 131072 op, 505169500.00 ns, 3.8541 us/op
WorkloadActual  33: 131072 op, 498710500.00 ns, 3.8049 us/op
WorkloadActual  34: 131072 op, 515059200.00 ns, 3.9296 us/op
WorkloadActual  35: 131072 op, 486150600.00 ns, 3.7090 us/op
WorkloadActual  36: 131072 op, 447565500.00 ns, 3.4147 us/op
WorkloadActual  37: 131072 op, 450345400.00 ns, 3.4359 us/op
WorkloadActual  38: 131072 op, 480729800.00 ns, 3.6677 us/op
WorkloadActual  39: 131072 op, 481752800.00 ns, 3.6755 us/op
WorkloadActual  40: 131072 op, 481477600.00 ns, 3.6734 us/op
WorkloadActual  41: 131072 op, 499758000.00 ns, 3.8129 us/op
WorkloadActual  42: 131072 op, 510313700.00 ns, 3.8934 us/op
WorkloadActual  43: 131072 op, 526754900.00 ns, 4.0188 us/op
WorkloadActual  44: 131072 op, 494608800.00 ns, 3.7736 us/op
WorkloadActual  45: 131072 op, 510499100.00 ns, 3.8948 us/op
WorkloadActual  46: 131072 op, 513093000.00 ns, 3.9146 us/op
WorkloadActual  47: 131072 op, 494078600.00 ns, 3.7695 us/op
WorkloadActual  48: 131072 op, 509260100.00 ns, 3.8853 us/op
WorkloadActual  49: 131072 op, 514610900.00 ns, 3.9262 us/op
WorkloadActual  50: 131072 op, 487027700.00 ns, 3.7157 us/op
WorkloadActual  51: 131072 op, 517504100.00 ns, 3.9482 us/op
WorkloadActual  52: 131072 op, 547250200.00 ns, 4.1752 us/op
WorkloadActual  53: 131072 op, 504832300.00 ns, 3.8516 us/op
WorkloadActual  54: 131072 op, 529800800.00 ns, 4.0421 us/op
WorkloadActual  55: 131072 op, 532585400.00 ns, 4.0633 us/op
WorkloadActual  56: 131072 op, 521306400.00 ns, 3.9773 us/op
WorkloadActual  57: 131072 op, 536844800.00 ns, 4.0958 us/op
WorkloadActual  58: 131072 op, 524350000.00 ns, 4.0005 us/op

// AfterActualRun
WorkloadResult   1: 131072 op, 527058200.00 ns, 4.0211 us/op
WorkloadResult   2: 131072 op, 534742800.00 ns, 4.0798 us/op
WorkloadResult   3: 131072 op, 493172600.00 ns, 3.7626 us/op
WorkloadResult   4: 131072 op, 537635400.00 ns, 4.1018 us/op
WorkloadResult   5: 131072 op, 519071100.00 ns, 3.9602 us/op
WorkloadResult   6: 131072 op, 470995700.00 ns, 3.5934 us/op
WorkloadResult   7: 131072 op, 472553600.00 ns, 3.6053 us/op
WorkloadResult   8: 131072 op, 549837000.00 ns, 4.1949 us/op
WorkloadResult   9: 131072 op, 544837300.00 ns, 4.1568 us/op
WorkloadResult  10: 131072 op, 521245300.00 ns, 3.9768 us/op
WorkloadResult  11: 131072 op, 540333900.00 ns, 4.1224 us/op
WorkloadResult  12: 131072 op, 488066300.00 ns, 3.7237 us/op
WorkloadResult  13: 131072 op, 508732100.00 ns, 3.8813 us/op
WorkloadResult  14: 131072 op, 502261500.00 ns, 3.8320 us/op
WorkloadResult  15: 131072 op, 504839300.00 ns, 3.8516 us/op
WorkloadResult  16: 131072 op, 479979800.00 ns, 3.6620 us/op
WorkloadResult  17: 131072 op, 513653800.00 ns, 3.9189 us/op
WorkloadResult  18: 131072 op, 518385900.00 ns, 3.9550 us/op
WorkloadResult  19: 131072 op, 529555400.00 ns, 4.0402 us/op
WorkloadResult  20: 131072 op, 493431500.00 ns, 3.7646 us/op
WorkloadResult  21: 131072 op, 508697100.00 ns, 3.8811 us/op
WorkloadResult  22: 131072 op, 508509900.00 ns, 3.8796 us/op
WorkloadResult  23: 131072 op, 505739500.00 ns, 3.8585 us/op
WorkloadResult  24: 131072 op, 501172000.00 ns, 3.8236 us/op
WorkloadResult  25: 131072 op, 516592400.00 ns, 3.9413 us/op
WorkloadResult  26: 131072 op, 491409400.00 ns, 3.7492 us/op
WorkloadResult  27: 131072 op, 516332200.00 ns, 3.9393 us/op
WorkloadResult  28: 131072 op, 494709000.00 ns, 3.7743 us/op
WorkloadResult  29: 131072 op, 509887800.00 ns, 3.8901 us/op
WorkloadResult  30: 131072 op, 516063000.00 ns, 3.9372 us/op
WorkloadResult  31: 131072 op, 504524800.00 ns, 3.8492 us/op
WorkloadResult  32: 131072 op, 498065800.00 ns, 3.7999 us/op
WorkloadResult  33: 131072 op, 514414500.00 ns, 3.9247 us/op
WorkloadResult  34: 131072 op, 485505900.00 ns, 3.7041 us/op
WorkloadResult  35: 131072 op, 446920800.00 ns, 3.4097 us/op
WorkloadResult  36: 131072 op, 449700700.00 ns, 3.4309 us/op
WorkloadResult  37: 131072 op, 480085100.00 ns, 3.6628 us/op
WorkloadResult  38: 131072 op, 481108100.00 ns, 3.6706 us/op
WorkloadResult  39: 131072 op, 480832900.00 ns, 3.6685 us/op
WorkloadResult  40: 131072 op, 499113300.00 ns, 3.8079 us/op
WorkloadResult  41: 131072 op, 509669000.00 ns, 3.8885 us/op
WorkloadResult  42: 131072 op, 526110200.00 ns, 4.0139 us/op
WorkloadResult  43: 131072 op, 493964100.00 ns, 3.7686 us/op
WorkloadResult  44: 131072 op, 509854400.00 ns, 3.8899 us/op
WorkloadResult  45: 131072 op, 512448300.00 ns, 3.9097 us/op
WorkloadResult  46: 131072 op, 493433900.00 ns, 3.7646 us/op
WorkloadResult  47: 131072 op, 508615400.00 ns, 3.8804 us/op
WorkloadResult  48: 131072 op, 513966200.00 ns, 3.9213 us/op
WorkloadResult  49: 131072 op, 486383000.00 ns, 3.7108 us/op
WorkloadResult  50: 131072 op, 516859400.00 ns, 3.9433 us/op
WorkloadResult  51: 131072 op, 546605500.00 ns, 4.1703 us/op
WorkloadResult  52: 131072 op, 504187600.00 ns, 3.8466 us/op
WorkloadResult  53: 131072 op, 529156100.00 ns, 4.0371 us/op
WorkloadResult  54: 131072 op, 531940700.00 ns, 4.0584 us/op
WorkloadResult  55: 131072 op, 520661700.00 ns, 3.9723 us/op
WorkloadResult  56: 131072 op, 536200100.00 ns, 4.0909 us/op
WorkloadResult  57: 131072 op, 523705300.00 ns, 3.9956 us/op
// GC:  0 0 0 0 131072
// Threading:  0 0 131072

// AfterAll
// Benchmark Process 15676 has exited with code 0.

Mean = 3.871 μs, StdErr = 0.022 μs (0.57%), N = 57, StdDev = 0.168 μs
Min = 3.410 μs, Q1 = 3.765 μs, Median = 3.881 μs, Q3 = 3.972 μs, Max = 4.195 μs
IQR = 0.208 μs, LowerFence = 3.453 μs, UpperFence = 4.284 μs
ConfidenceInterval = [3.794 μs; 3.949 μs] (CI 99.9%), Margin = 0.077 μs (2.00% of Mean)
Skewness = -0.44, Kurtosis = 3.19, MValue = 2

// ** Remained 3 (%50,0) benchmark(s) to run. Estimated finish 2025-10-28 22:43 (0h 1m from now) **
Setup power plan (GUID: 8c5e7fda-e8bf-4a96-9a85-a6e23a8c635c FriendlyName: Yüksek performans)
// **************************
// Benchmark: LoopBenchmarks.DoWhile: DefaultJob [Size=10000]
// *** Execute ***
// Launch: 1 / 1
// Execute: dotnet ListLoopBenchmark-DefaultJob-1.dll --anonymousPipes 1536 1384 --benchmarkName "LoopBenchMark.LoopBenchmarks.DoWhile(Size: 10000)" --job Default --benchmarkId 3 in C:\Repo\NETCORE\Konsol\ListLoopPerformance\ListLoopBenchmark\bin\release\net10.0\ListLoopBenchmark-DefaultJob-1\bin\Release\net10.0
// BeforeAnythingElse

// Benchmark Process Environment Information:
// BenchmarkDotNet v0.15.4
// Runtime=.NET 10.0.0 (10.0.0-rc.2.25502.107, 10.0.25.50307), X64 RyuJIT x86-64-v3
// GC=Concurrent Workstation
// HardwareIntrinsics=AVX2+BMI1+BMI2+F16C+FMA+LZCNT+MOVBE,AVX,SSE3+SSSE3+SSE4.1+SSE4.2+POPCNT,X86Base+SSE+SSE2,AES+PCLMUL,AvxVnni,SERIALIZE VectorSize=256
// Job: DefaultJob

OverheadJitting  1: 1 op, 171700.00 ns, 171.7000 us/op
WorkloadJitting  1: 1 op, 529100.00 ns, 529.1000 us/op

OverheadJitting  2: 16 op, 401000.00 ns, 25.0625 us/op
WorkloadJitting  2: 16 op, 547700.00 ns, 34.2313 us/op

WorkloadPilot    1: 16 op, 163100.00 ns, 10.1938 us/op
WorkloadPilot    2: 32 op, 351200.00 ns, 10.9750 us/op
WorkloadPilot    3: 64 op, 628600.00 ns, 9.8219 us/op
WorkloadPilot    4: 128 op, 1005700.00 ns, 7.8570 us/op
WorkloadPilot    5: 256 op, 2330000.00 ns, 9.1016 us/op
WorkloadPilot    6: 512 op, 4498200.00 ns, 8.7855 us/op
WorkloadPilot    7: 1024 op, 7229900.00 ns, 7.0604 us/op
WorkloadPilot    8: 2048 op, 14788200.00 ns, 7.2208 us/op
WorkloadPilot    9: 4096 op, 30309700.00 ns, 7.3998 us/op
WorkloadPilot   10: 8192 op, 53059600.00 ns, 6.4770 us/op
WorkloadPilot   11: 16384 op, 100392100.00 ns, 6.1274 us/op
WorkloadPilot   12: 32768 op, 121715300.00 ns, 3.7145 us/op
WorkloadPilot   13: 65536 op, 253058900.00 ns, 3.8614 us/op
WorkloadPilot   14: 131072 op, 555597600.00 ns, 4.2389 us/op

OverheadWarmup   1: 131072 op, 446600.00 ns, 3.4073 ns/op
OverheadWarmup   2: 131072 op, 491300.00 ns, 3.7483 ns/op
OverheadWarmup   3: 131072 op, 502900.00 ns, 3.8368 ns/op
OverheadWarmup   4: 131072 op, 556100.00 ns, 4.2427 ns/op
OverheadWarmup   5: 131072 op, 552400.00 ns, 4.2145 ns/op
OverheadWarmup   6: 131072 op, 616100.00 ns, 4.7005 ns/op
OverheadWarmup   7: 131072 op, 498100.00 ns, 3.8002 ns/op

OverheadActual   1: 131072 op, 535300.00 ns, 4.0840 ns/op
OverheadActual   2: 131072 op, 621800.00 ns, 4.7440 ns/op
OverheadActual   3: 131072 op, 640700.00 ns, 4.8882 ns/op
OverheadActual   4: 131072 op, 606900.00 ns, 4.6303 ns/op
OverheadActual   5: 131072 op, 493800.00 ns, 3.7674 ns/op
OverheadActual   6: 131072 op, 630100.00 ns, 4.8073 ns/op
OverheadActual   7: 131072 op, 631500.00 ns, 4.8180 ns/op
OverheadActual   8: 131072 op, 585800.00 ns, 4.4693 ns/op
OverheadActual   9: 131072 op, 640700.00 ns, 4.8882 ns/op
OverheadActual  10: 131072 op, 483100.00 ns, 3.6858 ns/op
OverheadActual  11: 131072 op, 537000.00 ns, 4.0970 ns/op
OverheadActual  12: 131072 op, 560500.00 ns, 4.2763 ns/op
OverheadActual  13: 131072 op, 631500.00 ns, 4.8180 ns/op
OverheadActual  14: 131072 op, 479200.00 ns, 3.6560 ns/op
OverheadActual  15: 131072 op, 468600.00 ns, 3.5751 ns/op
OverheadActual  16: 131072 op, 536800.00 ns, 4.0955 ns/op
OverheadActual  17: 131072 op, 628800.00 ns, 4.7974 ns/op
OverheadActual  18: 131072 op, 461500.00 ns, 3.5210 ns/op
OverheadActual  19: 131072 op, 479800.00 ns, 3.6606 ns/op
OverheadActual  20: 131072 op, 536300.00 ns, 4.0916 ns/op

WorkloadWarmup   1: 131072 op, 506170800.00 ns, 3.8618 us/op
WorkloadWarmup   2: 131072 op, 496405100.00 ns, 3.7873 us/op
WorkloadWarmup   3: 131072 op, 505689100.00 ns, 3.8581 us/op
WorkloadWarmup   4: 131072 op, 478346800.00 ns, 3.6495 us/op
WorkloadWarmup   5: 131072 op, 475558100.00 ns, 3.6282 us/op
WorkloadWarmup   6: 131072 op, 479786400.00 ns, 3.6605 us/op
WorkloadWarmup   7: 131072 op, 477791600.00 ns, 3.6453 us/op

// BeforeActualRun
WorkloadActual   1: 131072 op, 497738500.00 ns, 3.7974 us/op
WorkloadActual   2: 131072 op, 468847500.00 ns, 3.5770 us/op
WorkloadActual   3: 131072 op, 502571700.00 ns, 3.8343 us/op
WorkloadActual   4: 131072 op, 474987900.00 ns, 3.6239 us/op
WorkloadActual   5: 131072 op, 475357500.00 ns, 3.6267 us/op
WorkloadActual   6: 131072 op, 483314300.00 ns, 3.6874 us/op
WorkloadActual   7: 131072 op, 494212300.00 ns, 3.7705 us/op
WorkloadActual   8: 131072 op, 500110400.00 ns, 3.8155 us/op
WorkloadActual   9: 131072 op, 506766500.00 ns, 3.8663 us/op
WorkloadActual  10: 131072 op, 466467100.00 ns, 3.5589 us/op
WorkloadActual  11: 131072 op, 477116400.00 ns, 3.6401 us/op
WorkloadActual  12: 131072 op, 494933600.00 ns, 3.7760 us/op
WorkloadActual  13: 131072 op, 500255500.00 ns, 3.8166 us/op
WorkloadActual  14: 131072 op, 536288400.00 ns, 4.0916 us/op
WorkloadActual  15: 131072 op, 460787000.00 ns, 3.5155 us/op
WorkloadActual  16: 131072 op, 499454100.00 ns, 3.8105 us/op
WorkloadActual  17: 131072 op, 484218700.00 ns, 3.6943 us/op
WorkloadActual  18: 131072 op, 471998400.00 ns, 3.6011 us/op
WorkloadActual  19: 131072 op, 465941500.00 ns, 3.5549 us/op
WorkloadActual  20: 131072 op, 477343200.00 ns, 3.6418 us/op
WorkloadActual  21: 131072 op, 477611400.00 ns, 3.6439 us/op
WorkloadActual  22: 131072 op, 469769200.00 ns, 3.5841 us/op
WorkloadActual  23: 131072 op, 474305700.00 ns, 3.6187 us/op
WorkloadActual  24: 131072 op, 489031600.00 ns, 3.7310 us/op
WorkloadActual  25: 131072 op, 486765100.00 ns, 3.7137 us/op
WorkloadActual  26: 131072 op, 473741200.00 ns, 3.6144 us/op
WorkloadActual  27: 131072 op, 470256700.00 ns, 3.5878 us/op
WorkloadActual  28: 131072 op, 468495700.00 ns, 3.5743 us/op

// AfterActualRun
WorkloadResult   1: 131072 op, 497189750.00 ns, 3.7933 us/op
WorkloadResult   2: 131072 op, 468298750.00 ns, 3.5728 us/op
WorkloadResult   3: 131072 op, 502022950.00 ns, 3.8301 us/op
WorkloadResult   4: 131072 op, 474439150.00 ns, 3.6197 us/op
WorkloadResult   5: 131072 op, 474808750.00 ns, 3.6225 us/op
WorkloadResult   6: 131072 op, 482765550.00 ns, 3.6832 us/op
WorkloadResult   7: 131072 op, 493663550.00 ns, 3.7664 us/op
WorkloadResult   8: 131072 op, 499561650.00 ns, 3.8114 us/op
WorkloadResult   9: 131072 op, 506217750.00 ns, 3.8621 us/op
WorkloadResult  10: 131072 op, 465918350.00 ns, 3.5547 us/op
WorkloadResult  11: 131072 op, 476567650.00 ns, 3.6359 us/op
WorkloadResult  12: 131072 op, 494384850.00 ns, 3.7719 us/op
WorkloadResult  13: 131072 op, 499706750.00 ns, 3.8125 us/op
WorkloadResult  14: 131072 op, 460238250.00 ns, 3.5113 us/op
WorkloadResult  15: 131072 op, 498905350.00 ns, 3.8063 us/op
WorkloadResult  16: 131072 op, 483669950.00 ns, 3.6901 us/op
WorkloadResult  17: 131072 op, 471449650.00 ns, 3.5969 us/op
WorkloadResult  18: 131072 op, 465392750.00 ns, 3.5507 us/op
WorkloadResult  19: 131072 op, 476794450.00 ns, 3.6377 us/op
WorkloadResult  20: 131072 op, 477062650.00 ns, 3.6397 us/op
WorkloadResult  21: 131072 op, 469220450.00 ns, 3.5799 us/op
WorkloadResult  22: 131072 op, 473756950.00 ns, 3.6145 us/op
WorkloadResult  23: 131072 op, 488482850.00 ns, 3.7268 us/op
WorkloadResult  24: 131072 op, 486216350.00 ns, 3.7095 us/op
WorkloadResult  25: 131072 op, 473192450.00 ns, 3.6102 us/op
WorkloadResult  26: 131072 op, 469707950.00 ns, 3.5836 us/op
WorkloadResult  27: 131072 op, 467946950.00 ns, 3.5702 us/op
// GC:  0 0 0 0 131072
// Threading:  0 0 131072

// AfterAll
// Benchmark Process 4148 has exited with code 0.

Mean = 3.673 μs, StdErr = 0.020 μs (0.53%), N = 27, StdDev = 0.102 μs
Min = 3.511 μs, Q1 = 3.590 μs, Median = 3.638 μs, Q3 = 3.769 μs, Max = 3.862 μs
IQR = 0.179 μs, LowerFence = 3.322 μs, UpperFence = 4.037 μs
ConfidenceInterval = [3.600 μs; 3.745 μs] (CI 99.9%), Margin = 0.073 μs (1.98% of Mean)
Skewness = 0.34, Kurtosis = 1.69, MValue = 2.62

// ** Remained 2 (%33,3) benchmark(s) to run. Estimated finish 2025-10-28 22:43 (0h 0m from now) **
Setup power plan (GUID: 8c5e7fda-e8bf-4a96-9a85-a6e23a8c635c FriendlyName: Yüksek performans)
// **************************
// Benchmark: LoopBenchmarks.While: DefaultJob [Size=1000000]
// *** Execute ***
// Launch: 1 / 1
// Execute: dotnet ListLoopBenchmark-DefaultJob-1.dll --anonymousPipes 1532 1540 --benchmarkName "LoopBenchMark.LoopBenchmarks.While(Size: 1000000)" --job Default --benchmarkId 4 in C:\Repo\NETCORE\Konsol\ListLoopPerformance\ListLoopBenchmark\bin\release\net10.0\ListLoopBenchmark-DefaultJob-1\bin\Release\net10.0
// BeforeAnythingElse

// Benchmark Process Environment Information:
// BenchmarkDotNet v0.15.4
// Runtime=.NET 10.0.0 (10.0.0-rc.2.25502.107, 10.0.25.50307), X64 RyuJIT x86-64-v3
// GC=Concurrent Workstation
// HardwareIntrinsics=AVX2+BMI1+BMI2+F16C+FMA+LZCNT+MOVBE,AVX,SSE3+SSSE3+SSE4.1+SSE4.2+POPCNT,X86Base+SSE+SSE2,AES+PCLMUL,AvxVnni,SERIALIZE VectorSize=256
// Job: DefaultJob

OverheadJitting  1: 1 op, 135000.00 ns, 135.0000 us/op
WorkloadJitting  1: 1 op, 1297000.00 ns, 1.2970 ms/op

OverheadJitting  2: 16 op, 573700.00 ns, 35.8563 us/op
WorkloadJitting  2: 16 op, 8279100.00 ns, 517.4438 us/op

WorkloadPilot    1: 16 op, 6720900.00 ns, 420.0563 us/op
WorkloadPilot    2: 32 op, 13718400.00 ns, 428.7000 us/op
WorkloadPilot    3: 64 op, 25938100.00 ns, 405.2828 us/op
WorkloadPilot    4: 128 op, 50345900.00 ns, 393.3273 us/op
WorkloadPilot    5: 256 op, 102145300.00 ns, 399.0051 us/op
WorkloadPilot    6: 512 op, 210220200.00 ns, 410.5863 us/op
WorkloadPilot    7: 1024 op, 414848200.00 ns, 405.1252 us/op
WorkloadPilot    8: 2048 op, 859789000.00 ns, 419.8188 us/op

OverheadWarmup   1: 2048 op, 13500.00 ns, 6.5918 ns/op
OverheadWarmup   2: 2048 op, 8000.00 ns, 3.9063 ns/op
OverheadWarmup   3: 2048 op, 7800.00 ns, 3.8086 ns/op
OverheadWarmup   4: 2048 op, 7700.00 ns, 3.7598 ns/op
OverheadWarmup   5: 2048 op, 8800.00 ns, 4.2969 ns/op
OverheadWarmup   6: 2048 op, 6800.00 ns, 3.3203 ns/op
OverheadWarmup   7: 2048 op, 7400.00 ns, 3.6133 ns/op
OverheadWarmup   8: 2048 op, 7200.00 ns, 3.5156 ns/op

OverheadActual   1: 2048 op, 8300.00 ns, 4.0527 ns/op
OverheadActual   2: 2048 op, 10900.00 ns, 5.3223 ns/op
OverheadActual   3: 2048 op, 8100.00 ns, 3.9551 ns/op
OverheadActual   4: 2048 op, 8900.00 ns, 4.3457 ns/op
OverheadActual   5: 2048 op, 7000.00 ns, 3.4180 ns/op
OverheadActual   6: 2048 op, 6900.00 ns, 3.3691 ns/op
OverheadActual   7: 2048 op, 7700.00 ns, 3.7598 ns/op
OverheadActual   8: 2048 op, 8400.00 ns, 4.1016 ns/op
OverheadActual   9: 2048 op, 8100.00 ns, 3.9551 ns/op
OverheadActual  10: 2048 op, 6900.00 ns, 3.3691 ns/op
OverheadActual  11: 2048 op, 6800.00 ns, 3.3203 ns/op
OverheadActual  12: 2048 op, 6700.00 ns, 3.2715 ns/op
OverheadActual  13: 2048 op, 8900.00 ns, 4.3457 ns/op
OverheadActual  14: 2048 op, 10300.00 ns, 5.0293 ns/op
OverheadActual  15: 2048 op, 8900.00 ns, 4.3457 ns/op
OverheadActual  16: 2048 op, 8900.00 ns, 4.3457 ns/op
OverheadActual  17: 2048 op, 7500.00 ns, 3.6621 ns/op
OverheadActual  18: 2048 op, 7900.00 ns, 3.8574 ns/op
OverheadActual  19: 2048 op, 7100.00 ns, 3.4668 ns/op
OverheadActual  20: 2048 op, 7400.00 ns, 3.6133 ns/op

WorkloadWarmup   1: 2048 op, 805111100.00 ns, 393.1207 us/op
WorkloadWarmup   2: 2048 op, 812945800.00 ns, 396.9462 us/op
WorkloadWarmup   3: 2048 op, 838557300.00 ns, 409.4518 us/op
WorkloadWarmup   4: 2048 op, 843684700.00 ns, 411.9554 us/op
WorkloadWarmup   5: 2048 op, 818124700.00 ns, 399.4750 us/op
WorkloadWarmup   6: 2048 op, 850049300.00 ns, 415.0631 us/op
WorkloadWarmup   7: 2048 op, 826534100.00 ns, 403.5811 us/op

// BeforeActualRun
WorkloadActual   1: 2048 op, 850434800.00 ns, 415.2514 us/op
WorkloadActual   2: 2048 op, 839117200.00 ns, 409.7252 us/op
WorkloadActual   3: 2048 op, 852450400.00 ns, 416.2355 us/op
WorkloadActual   4: 2048 op, 850839200.00 ns, 415.4488 us/op
WorkloadActual   5: 2048 op, 839483000.00 ns, 409.9038 us/op
WorkloadActual   6: 2048 op, 844225800.00 ns, 412.2196 us/op
WorkloadActual   7: 2048 op, 846253700.00 ns, 413.2098 us/op
WorkloadActual   8: 2048 op, 865420900.00 ns, 422.5688 us/op
WorkloadActual   9: 2048 op, 838824800.00 ns, 409.5824 us/op
WorkloadActual  10: 2048 op, 865337100.00 ns, 422.5279 us/op
WorkloadActual  11: 2048 op, 825602800.00 ns, 403.1264 us/op
WorkloadActual  12: 2048 op, 860484900.00 ns, 420.1586 us/op
WorkloadActual  13: 2048 op, 856287200.00 ns, 418.1090 us/op
WorkloadActual  14: 2048 op, 863897500.00 ns, 421.8250 us/op
WorkloadActual  15: 2048 op, 855566700.00 ns, 417.7572 us/op

// AfterActualRun
WorkloadResult   1: 2048 op, 850426800.00 ns, 415.2475 us/op
WorkloadResult   2: 2048 op, 839109200.00 ns, 409.7213 us/op
WorkloadResult   3: 2048 op, 852442400.00 ns, 416.2316 us/op
WorkloadResult   4: 2048 op, 850831200.00 ns, 415.4449 us/op
WorkloadResult   5: 2048 op, 839475000.00 ns, 409.8999 us/op
WorkloadResult   6: 2048 op, 844217800.00 ns, 412.2157 us/op
WorkloadResult   7: 2048 op, 846245700.00 ns, 413.2059 us/op
WorkloadResult   8: 2048 op, 865412900.00 ns, 422.5649 us/op
WorkloadResult   9: 2048 op, 838816800.00 ns, 409.5785 us/op
WorkloadResult  10: 2048 op, 865329100.00 ns, 422.5240 us/op
WorkloadResult  11: 2048 op, 825594800.00 ns, 403.1225 us/op
WorkloadResult  12: 2048 op, 860476900.00 ns, 420.1547 us/op
WorkloadResult  13: 2048 op, 856279200.00 ns, 418.1051 us/op
WorkloadResult  14: 2048 op, 863889500.00 ns, 421.8210 us/op
WorkloadResult  15: 2048 op, 855558700.00 ns, 417.7533 us/op
// GC:  0 0 0 0 2048
// Threading:  0 0 2048

// AfterAll
// Benchmark Process 16156 has exited with code 0.

Mean = 415.173 μs, StdErr = 1.449 μs (0.35%), N = 15, StdDev = 5.611 μs
Min = 403.122 μs, Q1 = 411.058 μs, Median = 415.445 μs, Q3 = 419.130 μs, Max = 422.565 μs
IQR = 8.072 μs, LowerFence = 398.950 μs, UpperFence = 431.238 μs
ConfidenceInterval = [409.174 μs; 421.171 μs] (CI 99.9%), Margin = 5.999 μs (1.44% of Mean)
Skewness = -0.38, Kurtosis = 2.18, MValue = 2

// ** Remained 1 (%16,7) benchmark(s) to run. Estimated finish 2025-10-28 22:43 (0h 0m from now) **
Setup power plan (GUID: 8c5e7fda-e8bf-4a96-9a85-a6e23a8c635c FriendlyName: Yüksek performans)
// **************************
// Benchmark: LoopBenchmarks.DoWhile: DefaultJob [Size=1000000]
// *** Execute ***
// Launch: 1 / 1
// Execute: dotnet ListLoopBenchmark-DefaultJob-1.dll --anonymousPipes 1352 1404 --benchmarkName "LoopBenchMark.LoopBenchmarks.DoWhile(Size: 1000000)" --job Default --benchmarkId 5 in C:\Repo\NETCORE\Konsol\ListLoopPerformance\ListLoopBenchmark\bin\release\net10.0\ListLoopBenchmark-DefaultJob-1\bin\Release\net10.0
// BeforeAnythingElse

// Benchmark Process Environment Information:
// BenchmarkDotNet v0.15.4
// Runtime=.NET 10.0.0 (10.0.0-rc.2.25502.107, 10.0.25.50307), X64 RyuJIT x86-64-v3
// GC=Concurrent Workstation
// HardwareIntrinsics=AVX2+BMI1+BMI2+F16C+FMA+LZCNT+MOVBE,AVX,SSE3+SSSE3+SSE4.1+SSE4.2+POPCNT,X86Base+SSE+SSE2,AES+PCLMUL,AvxVnni,SERIALIZE VectorSize=256
// Job: DefaultJob

OverheadJitting  1: 1 op, 143600.00 ns, 143.6000 us/op
WorkloadJitting  1: 1 op, 1457000.00 ns, 1.4570 ms/op

OverheadJitting  2: 16 op, 506300.00 ns, 31.6438 us/op
WorkloadJitting  2: 16 op, 10003400.00 ns, 625.2125 us/op

WorkloadPilot    1: 16 op, 8079000.00 ns, 504.9375 us/op
WorkloadPilot    2: 32 op, 12159900.00 ns, 379.9969 us/op
WorkloadPilot    3: 64 op, 28176200.00 ns, 440.2531 us/op
WorkloadPilot    4: 128 op, 56751500.00 ns, 443.3711 us/op
WorkloadPilot    5: 256 op, 142259800.00 ns, 555.7023 us/op
WorkloadPilot    6: 512 op, 212325400.00 ns, 414.6980 us/op
WorkloadPilot    7: 1024 op, 411354300.00 ns, 401.7132 us/op
WorkloadPilot    8: 2048 op, 829626700.00 ns, 405.0912 us/op

OverheadWarmup   1: 2048 op, 9800.00 ns, 4.7852 ns/op
OverheadWarmup   2: 2048 op, 10200.00 ns, 4.9805 ns/op
OverheadWarmup   3: 2048 op, 8100.00 ns, 3.9551 ns/op
OverheadWarmup   4: 2048 op, 8000.00 ns, 3.9063 ns/op
OverheadWarmup   5: 2048 op, 7900.00 ns, 3.8574 ns/op
OverheadWarmup   6: 2048 op, 10100.00 ns, 4.9316 ns/op
OverheadWarmup   7: 2048 op, 7100.00 ns, 3.4668 ns/op

OverheadActual   1: 2048 op, 7900.00 ns, 3.8574 ns/op
OverheadActual   2: 2048 op, 7900.00 ns, 3.8574 ns/op
OverheadActual   3: 2048 op, 6800.00 ns, 3.3203 ns/op
OverheadActual   4: 2048 op, 7800.00 ns, 3.8086 ns/op
OverheadActual   5: 2048 op, 9300.00 ns, 4.5410 ns/op
OverheadActual   6: 2048 op, 7500.00 ns, 3.6621 ns/op
OverheadActual   7: 2048 op, 12500.00 ns, 6.1035 ns/op
OverheadActual   8: 2048 op, 8200.00 ns, 4.0039 ns/op
OverheadActual   9: 2048 op, 8200.00 ns, 4.0039 ns/op
OverheadActual  10: 2048 op, 7200.00 ns, 3.5156 ns/op
OverheadActual  11: 2048 op, 7200.00 ns, 3.5156 ns/op
OverheadActual  12: 2048 op, 7100.00 ns, 3.4668 ns/op
OverheadActual  13: 2048 op, 7500.00 ns, 3.6621 ns/op
OverheadActual  14: 2048 op, 6800.00 ns, 3.3203 ns/op
OverheadActual  15: 2048 op, 7200.00 ns, 3.5156 ns/op
OverheadActual  16: 2048 op, 7300.00 ns, 3.5645 ns/op
OverheadActual  17: 2048 op, 7000.00 ns, 3.4180 ns/op
OverheadActual  18: 2048 op, 7500.00 ns, 3.6621 ns/op
OverheadActual  19: 2048 op, 7700.00 ns, 3.7598 ns/op
OverheadActual  20: 2048 op, 8200.00 ns, 4.0039 ns/op

WorkloadWarmup   1: 2048 op, 821915800.00 ns, 401.3261 us/op
WorkloadWarmup   2: 2048 op, 877528700.00 ns, 428.4808 us/op
WorkloadWarmup   3: 2048 op, 792646500.00 ns, 387.0344 us/op
WorkloadWarmup   4: 2048 op, 802102600.00 ns, 391.6517 us/op
WorkloadWarmup   5: 2048 op, 811634600.00 ns, 396.3060 us/op
WorkloadWarmup   6: 2048 op, 845130200.00 ns, 412.6612 us/op
WorkloadWarmup   7: 2048 op, 841451000.00 ns, 410.8647 us/op

// BeforeActualRun
WorkloadActual   1: 2048 op, 863981400.00 ns, 421.8659 us/op
WorkloadActual   2: 2048 op, 811288800.00 ns, 396.1371 us/op
WorkloadActual   3: 2048 op, 856272800.00 ns, 418.1020 us/op
WorkloadActual   4: 2048 op, 852809000.00 ns, 416.4106 us/op
WorkloadActual   5: 2048 op, 879272000.00 ns, 429.3320 us/op
WorkloadActual   6: 2048 op, 853521200.00 ns, 416.7584 us/op
WorkloadActual   7: 2048 op, 824122800.00 ns, 402.4037 us/op
WorkloadActual   8: 2048 op, 821275400.00 ns, 401.0134 us/op
WorkloadActual   9: 2048 op, 781853000.00 ns, 381.7642 us/op
WorkloadActual  10: 2048 op, 802486600.00 ns, 391.8392 us/op
WorkloadActual  11: 2048 op, 834921300.00 ns, 407.6764 us/op
WorkloadActual  12: 2048 op, 834792800.00 ns, 407.6137 us/op
WorkloadActual  13: 2048 op, 828598200.00 ns, 404.5890 us/op
WorkloadActual  14: 2048 op, 865068800.00 ns, 422.3969 us/op
WorkloadActual  15: 2048 op, 839226200.00 ns, 409.7784 us/op
WorkloadActual  16: 2048 op, 835519700.00 ns, 407.9686 us/op
WorkloadActual  17: 2048 op, 824378900.00 ns, 402.5288 us/op
WorkloadActual  18: 2048 op, 828777400.00 ns, 404.6765 us/op
WorkloadActual  19: 2048 op, 867043700.00 ns, 423.3612 us/op
WorkloadActual  20: 2048 op, 894812200.00 ns, 436.9200 us/op
WorkloadActual  21: 2048 op, 833989100.00 ns, 407.2212 us/op
WorkloadActual  22: 2048 op, 834204100.00 ns, 407.3262 us/op
WorkloadActual  23: 2048 op, 839345900.00 ns, 409.8369 us/op
WorkloadActual  24: 2048 op, 857913300.00 ns, 418.9030 us/op
WorkloadActual  25: 2048 op, 905070700.00 ns, 441.9291 us/op
WorkloadActual  26: 2048 op, 827298300.00 ns, 403.9542 us/op
WorkloadActual  27: 2048 op, 882811200.00 ns, 431.0602 us/op
WorkloadActual  28: 2048 op, 828359000.00 ns, 404.4722 us/op
WorkloadActual  29: 2048 op, 832660100.00 ns, 406.5723 us/op
WorkloadActual  30: 2048 op, 815983800.00 ns, 398.4296 us/op
WorkloadActual  31: 2048 op, 846339000.00 ns, 413.2515 us/op

// AfterActualRun
WorkloadResult   1: 2048 op, 863973900.00 ns, 421.8623 us/op
WorkloadResult   2: 2048 op, 811281300.00 ns, 396.1334 us/op
WorkloadResult   3: 2048 op, 856265300.00 ns, 418.0983 us/op
WorkloadResult   4: 2048 op, 852801500.00 ns, 416.4070 us/op
WorkloadResult   5: 2048 op, 879264500.00 ns, 429.3284 us/op
WorkloadResult   6: 2048 op, 853513700.00 ns, 416.7547 us/op
WorkloadResult   7: 2048 op, 824115300.00 ns, 402.4000 us/op
WorkloadResult   8: 2048 op, 821267900.00 ns, 401.0097 us/op
WorkloadResult   9: 2048 op, 781845500.00 ns, 381.7605 us/op
WorkloadResult  10: 2048 op, 802479100.00 ns, 391.8355 us/op
WorkloadResult  11: 2048 op, 834913800.00 ns, 407.6728 us/op
WorkloadResult  12: 2048 op, 834785300.00 ns, 407.6100 us/op
WorkloadResult  13: 2048 op, 828590700.00 ns, 404.5853 us/op
WorkloadResult  14: 2048 op, 865061300.00 ns, 422.3932 us/op
WorkloadResult  15: 2048 op, 839218700.00 ns, 409.7748 us/op
WorkloadResult  16: 2048 op, 835512200.00 ns, 407.9649 us/op
WorkloadResult  17: 2048 op, 824371400.00 ns, 402.5251 us/op
WorkloadResult  18: 2048 op, 828769900.00 ns, 404.6728 us/op
WorkloadResult  19: 2048 op, 867036200.00 ns, 423.3575 us/op
WorkloadResult  20: 2048 op, 894804700.00 ns, 436.9164 us/op
WorkloadResult  21: 2048 op, 833981600.00 ns, 407.2176 us/op
WorkloadResult  22: 2048 op, 834196600.00 ns, 407.3226 us/op
WorkloadResult  23: 2048 op, 839338400.00 ns, 409.8332 us/op
WorkloadResult  24: 2048 op, 857905800.00 ns, 418.8993 us/op
WorkloadResult  25: 2048 op, 827290800.00 ns, 403.9506 us/op
WorkloadResult  26: 2048 op, 882803700.00 ns, 431.0565 us/op
WorkloadResult  27: 2048 op, 828351500.00 ns, 404.4685 us/op
WorkloadResult  28: 2048 op, 832652600.00 ns, 406.5687 us/op
WorkloadResult  29: 2048 op, 815976300.00 ns, 398.4259 us/op
WorkloadResult  30: 2048 op, 846331500.00 ns, 413.2478 us/op
// GC:  0 0 0 0 2048
// Threading:  0 0 2048

// AfterAll
// Benchmark Process 3680 has exited with code 0.

Mean = 410.135 μs, StdErr = 2.163 μs (0.53%), N = 30, StdDev = 11.848 μs
Min = 381.760 μs, Q1 = 404.080 μs, Median = 407.641 μs, Q3 = 417.762 μs, Max = 436.916 μs
IQR = 13.682 μs, LowerFence = 383.557 μs, UpperFence = 438.286 μs
ConfidenceInterval = [402.220 μs; 418.051 μs] (CI 99.9%), Margin = 7.916 μs (1.93% of Mean)
Skewness = 0.14, Kurtosis = 2.98, MValue = 2

// ** Remained 0 (%0,0) benchmark(s) to run. Estimated finish 2025-10-28 22:43 (0h 0m from now) **
Successfully reverted power plan (GUID: 8c5e7fda-e8bf-4a96-9a85-a6e23a8c635c FriendlyName: Yüksek performans)
// ***** BenchmarkRunner: Finish  *****

// * Export *
  BenchmarkDotNet.Artifacts\results\LoopBenchMark.LoopBenchmarks-report.csv
  BenchmarkDotNet.Artifacts\results\LoopBenchMark.LoopBenchmarks-report-github.md
  BenchmarkDotNet.Artifacts\results\LoopBenchMark.LoopBenchmarks-report.html

// * Detailed results *
LoopBenchmarks.While: DefaultJob [Size=1000]
Runtime = .NET 10.0.0 (10.0.0-rc.2.25502.107, 10.0.25.50307), X64 RyuJIT x86-64-v3; GC = Concurrent Workstation
Mean = 371.294 ns, StdErr = 1.561 ns (0.42%), N = 15, StdDev = 6.044 ns
Min = 362.400 ns, Q1 = 365.035 ns, Median = 372.349 ns, Q3 = 376.541 ns, Max = 379.987 ns
IQR = 11.506 ns, LowerFence = 347.776 ns, UpperFence = 393.800 ns
ConfidenceInterval = [364.833 ns; 377.756 ns] (CI 99.9%), Margin = 6.462 ns (1.74% of Mean)
Skewness = -0.21, Kurtosis = 1.46, MValue = 2
-------------------- Histogram --------------------
[360.802 ns ; 371.391 ns) | @@@@@@
[371.391 ns ; 383.203 ns) | @@@@@@@@@
---------------------------------------------------

LoopBenchmarks.DoWhile: DefaultJob [Size=1000]
Runtime = .NET 10.0.0 (10.0.0-rc.2.25502.107, 10.0.25.50307), X64 RyuJIT x86-64-v3; GC = Concurrent Workstation
Mean = 374.586 ns, StdErr = 1.771 ns (0.47%), N = 26, StdDev = 9.032 ns
Min = 364.302 ns, Q1 = 367.661 ns, Median = 372.365 ns, Q3 = 378.948 ns, Max = 394.940 ns
IQR = 11.287 ns, LowerFence = 350.730 ns, UpperFence = 395.879 ns
ConfidenceInterval = [367.988 ns; 381.184 ns] (CI 99.9%), Margin = 6.598 ns (1.76% of Mean)
Skewness = 0.95, Kurtosis = 2.74, MValue = 2
-------------------- Histogram --------------------
[364.102 ns ; 372.105 ns) | @@@@@@@@@@@@@
[372.105 ns ; 380.760 ns) | @@@@@@@@@
[380.760 ns ; 395.782 ns) | @@@@
---------------------------------------------------

LoopBenchmarks.While: DefaultJob [Size=10000]
Runtime = .NET 10.0.0 (10.0.0-rc.2.25502.107, 10.0.25.50307), X64 RyuJIT x86-64-v3; GC = Concurrent Workstation
Mean = 3.871 μs, StdErr = 0.022 μs (0.57%), N = 57, StdDev = 0.168 μs
Min = 3.410 μs, Q1 = 3.765 μs, Median = 3.881 μs, Q3 = 3.972 μs, Max = 4.195 μs
IQR = 0.208 μs, LowerFence = 3.453 μs, UpperFence = 4.284 μs
ConfidenceInterval = [3.794 μs; 3.949 μs] (CI 99.9%), Margin = 0.077 μs (2.00% of Mean)
Skewness = -0.44, Kurtosis = 3.19, MValue = 2
-------------------- Histogram --------------------
[3.352 μs ; 3.478 μs) | @@
[3.478 μs ; 3.661 μs) | @@
[3.661 μs ; 3.775 μs) | @@@@@@@@@@@@@
[3.775 μs ; 3.961 μs) | @@@@@@@@@@@@@@@@@@@@@@@@@
[3.961 μs ; 4.106 μs) | @@@@@@@@@@@
[4.106 μs ; 4.216 μs) | @@@@
---------------------------------------------------

LoopBenchmarks.DoWhile: DefaultJob [Size=10000]
Runtime = .NET 10.0.0 (10.0.0-rc.2.25502.107, 10.0.25.50307), X64 RyuJIT x86-64-v3; GC = Concurrent Workstation
Mean = 3.673 μs, StdErr = 0.020 μs (0.53%), N = 27, StdDev = 0.102 μs
Min = 3.511 μs, Q1 = 3.590 μs, Median = 3.638 μs, Q3 = 3.769 μs, Max = 3.862 μs
IQR = 0.179 μs, LowerFence = 3.322 μs, UpperFence = 4.037 μs
ConfidenceInterval = [3.600 μs; 3.745 μs] (CI 99.9%), Margin = 0.073 μs (1.98% of Mean)
Skewness = 0.34, Kurtosis = 1.69, MValue = 2.62
-------------------- Histogram --------------------
[3.467 μs ; 3.553 μs) | @@
[3.553 μs ; 3.661 μs) | @@@@@@@@@@@@@
[3.661 μs ; 3.754 μs) | @@@@
[3.754 μs ; 3.907 μs) | @@@@@@@@
---------------------------------------------------

LoopBenchmarks.While: DefaultJob [Size=1000000]
Runtime = .NET 10.0.0 (10.0.0-rc.2.25502.107, 10.0.25.50307), X64 RyuJIT x86-64-v3; GC = Concurrent Workstation
Mean = 415.173 μs, StdErr = 1.449 μs (0.35%), N = 15, StdDev = 5.611 μs
Min = 403.122 μs, Q1 = 411.058 μs, Median = 415.445 μs, Q3 = 419.130 μs, Max = 422.565 μs
IQR = 8.072 μs, LowerFence = 398.950 μs, UpperFence = 431.238 μs
ConfidenceInterval = [409.174 μs; 421.171 μs] (CI 99.9%), Margin = 5.999 μs (1.44% of Mean)
Skewness = -0.38, Kurtosis = 2.18, MValue = 2
-------------------- Histogram --------------------
[400.136 μs ; 408.387 μs) | @
[408.387 μs ; 424.361 μs) | @@@@@@@@@@@@@@
---------------------------------------------------

LoopBenchmarks.DoWhile: DefaultJob [Size=1000000]
Runtime = .NET 10.0.0 (10.0.0-rc.2.25502.107, 10.0.25.50307), X64 RyuJIT x86-64-v3; GC = Concurrent Workstation
Mean = 410.135 μs, StdErr = 2.163 μs (0.53%), N = 30, StdDev = 11.848 μs
Min = 381.760 μs, Q1 = 404.080 μs, Median = 407.641 μs, Q3 = 417.762 μs, Max = 436.916 μs
IQR = 13.682 μs, LowerFence = 383.557 μs, UpperFence = 438.286 μs
ConfidenceInterval = [402.220 μs; 418.051 μs] (CI 99.9%), Margin = 7.916 μs (1.93% of Mean)
Skewness = 0.14, Kurtosis = 2.98, MValue = 2
-------------------- Histogram --------------------
[376.756 μs ; 390.126 μs) | @
[390.126 μs ; 400.417 μs) | @@@
[400.417 μs ; 410.426 μs) | @@@@@@@@@@@@@@@
[410.426 μs ; 424.887 μs) | @@@@@@@@
[424.887 μs ; 438.127 μs) | @@@
---------------------------------------------------

// * Summary *

BenchmarkDotNet v0.15.4, Windows 11 (10.0.26200.6901)
Intel Core i5-14500HX 2.60GHz, 1 CPU, 20 logical and 14 physical cores
.NET SDK 10.0.100-rc.2.25502.107
  [Host]     : .NET 10.0.0 (10.0.0-rc.2.25502.107, 10.0.25.50307), X64 RyuJIT x86-64-v3
  DefaultJob : .NET 10.0.0 (10.0.0-rc.2.25502.107, 10.0.25.50307), X64 RyuJIT x86-64-v3


| Method  | Size    | Mean         | Error       | StdDev       | Allocated |
|-------- |-------- |-------------:|------------:|-------------:|----------:|
| While   | 1000    |     371.3 ns |     6.46 ns |      6.04 ns |         - |
| DoWhile | 1000    |     374.6 ns |     6.60 ns |      9.03 ns |         - |
| While   | 10000   |   3,871.4 ns |    77.31 ns |    168.06 ns |         - |
| DoWhile | 10000   |   3,672.7 ns |    72.57 ns |    101.73 ns |         - |
| While   | 1000000 | 415,172.7 ns | 5,998.74 ns |  5,611.22 ns |         - |
| DoWhile | 1000000 | 410,135.1 ns | 7,915.61 ns | 11,847.71 ns |         - |

// * Hints *
Outliers
  LoopBenchmarks.DoWhile: Default -> 3 outliers were removed (405.83 ns..425.33 ns)
  LoopBenchmarks.While: Default   -> 1 outlier  was  removed, 3 outliers were detected (3.41 μs, 3.44 μs, 4.52 μs)
  LoopBenchmarks.DoWhile: Default -> 1 outlier  was  removed (4.09 μs)
  LoopBenchmarks.DoWhile: Default -> 1 outlier  was  removed, 2 outliers were detected (381.76 μs, 441.93 μs)

// * Legends *
  Size      : Value of the 'Size' parameter
  Mean      : Arithmetic mean of all measurements
  Error     : Half of 99.9% confidence interval
  StdDev    : Standard deviation of all measurements
  Allocated : Allocated memory per single operation (managed only, inclusive, 1KB = 1024B)
  1 ns      : 1 Nanosecond (0.000000001 sec)

// * Diagnostic Output - MemoryDiagnoser *


// ***** BenchmarkRunner: End *****
Run time: 00:02:49 (169.64 sec), executed benchmarks: 6

Global total time: 00:02:54 (174.5 sec), executed benchmarks: 6
// * Artifacts cleanup *
Artifacts cleanup is finished
